Metallurgy
Metal Smelting
Metal Mining
Metal Molding
Gold Smelting
Iron Smelting
Silver Smelting
Steel Smelting
Titanium Smelting
Hydrogenium Smelting
Gold Mining
Iron Mining
Silver Mining
Titanium Mining
Steel Molding
Gold Molding
Iron Molding
Silver Molding
Titanium Molding
Weapon Construction
Sword Construction
Iron Sword
Iron Broad Sword
Steel Long Sword
Two Edged Steel Sword
Titanium Short
Titanium Long
Titanium Serpent
Armor Construction
Torso Armor
Feet Armor
Legs Armor
Head Armor
Leather Helmet
Iron Helmet
Iron Greaves
Iron Cuisses
Padded Leather Pants
Iron Chainmail Torso
Iron Plate Mail
Steel Chainmail Torso
Titanium Chainmail Torso
Torso Padded Leather
Shields Construction
Iron Shield
Steel Shield
Crystal Technology
Crystal Mining
Quartz Mining
Rose Quartz Mining
Blue Quartz Mining
Ruby Mining
Emerald Mining
Sapphire Mining
Diamond Mining
Crystal Processing
Diamond Processing
Sapphire Processing
Emerald Processing
Ruby Processing
Jewelry Technology
Crystal embedding
Generic Rings Building
Generic Medallions Building
Diamond embedding
Sapphire embedding
Emerald embedding
Ruby embedding
Silver Rings Building
Gold Rings Building
Silver Medallions Building
Gold Medallions Building
Sun Medallion Building
Unicorn Medallion Building
Moon Medallion Building
Stars Medallion Building
VOTD Ring Building
Naralik Ring Building
Disengagement Ring Building
Ring of Damage Building
Isla Prima Ring
White Stone Ring
Portland Ring
Desert Pines Ring
Biology
Biochemistry
Botanics
Anatomy
Advanced Alchemy
Advanced Potions
Life Essence
Death Essence
Health Essence
Magic Essence
Potion of Body Restoration
Potion of Wildness
Potion of Vitality
Potion of Coordination
Potion of Will
Potion of Physique
Potion of Feasting
Potion of Manufacturing
Potion of Summoning
Advanced Summoning
Snakes Summoning
Wolf Summoning
Boar Summoning
Skeleton Summoning
Gargoyles Summoning
Puma Summoning
Bear Summoning
Combat Tactics
Goblin Fighting
Skeleton Fighting
Gargoyle Fighting
Puma Fighting
Orc Fighting
Bear Fighting
Troll Fighting
Cyclops Fighting
Dwarf Fighting
Elf Fighting
Human Fighting
Axe Construction
Iron Axe
Steel Axe
Titanium Axe
Fluffy Summoning
Chimeran Mountain Wolf Summoning
Potion of Crafting
Magic Potion
Anitora Ring
Idaloran Ring
Bethel Ring
Sedicolis Ring
Palon Vertas Ring
Kusamura Ring
Egratia Ring
Iscarlith Ring
Irinveron Ring
Hulda Ring
Trassian Ring
Isle of the Forgotten Ring
Imbroglio Islands Ring
Hurquin Ring
Glacmor Ring
Emerald Valley Ring
Special Sword Manufacturing
Fire Sword Manufacturing
Ice Sword Manufacturing
Magic Sword Manufacturing
Thermal Sword Manufacturing
Iron Sword of Fire
Iron Broad Sword of Fire
Iron Broad Sword of Ice
Steel Long Sword of Fire
Steel Long Sword of Ice
Steel Long Sword of Magic
Steel Two Edged Sword of Fire
Steel Two Edged Sword of Ice
Steel Two Edged Sword of Magic
Steel Two Edged Sword of Thermal
Titanium/Steel Short Sword of Fire
Titanium/Steel Short Sword of Ice
Titanium/Steel Short Sword of Magic
Titanium/Steel Short Sword of Thermal
Titanium/Steel Long Sword of Fire
Titanium/Steel Long Sword of Ice
Titanium/Steel Long Sword of Magic
Titanium/Steel Long Sword of Thermal
Serpent Sword of Fire
Serpent Sword of Ice
Serpent Sword of Magic
Serpent Sword of Thermal
Female Goblin Summoning
Armed Male Goblin Summoning
Armed Skeleton
Female Orc Summoning
Male Orc Summoning
Armed Female Orc Summoning
Armed Male Orc Summoning
Cyclops Summoning
Polar Bear Summoning
Hydrogenium Mining
Hydrogenium Molding
Wolframite Smelting
Wolframite Mining
Wolfram Molding
Steel Greaves
Steel Cuisses
Titanium Shield
Steel Helmet
Titanium Helmet
Titanium Greaves
Titanium Cuisses
Steel Plate Mail
Titanium Plate Mail
Emerald Claymore
Cutlass
Sunbreaker
Orc Slayer
Eagle Wing
Rapier
Jagged Saber
Poison Antidote
Potion of True Sight
Potion of Invisibility
Potion of Accuracy
Potion of Evasion
Arctic Chimeran Summoning
Yeti Summoning
Giant Summoning
Crown of Life
Crown of Mana
Ring of Mana Destruction
Ring of Massive Mana Destruction
Gypsum Harvesting
Gypsum Molding
Sslessar Summoning Stone
Bear Summoning Stone
Tiger Summoning Stone
Yeti Summoning Stone
Giant Spider Summoning Stone
Arctic Chim Summoning Stone
Phantom Warrior Summoning Stone
Fluffy Summoning Stone
Armed Orc Summoning Stone
Giant Summoning Stone
Potion of Alchemy
Potion of Potion
Copper Mining
Tin Mining
Copper Smelting
Tin Smelting
Copper Molding
Tin Molding
Bronze Plate Mail
Bronze Cuisses
Bronze Greaves
Bronze Helm
Bronze Shield
Seridium Mining
Seridium Molding
Seridium Smelting
Seridium Medallions Building
Heaven Spawner Medallion Building
Harvester Medallion Building
Cinnabar Mining
Mercury Extraction
Vial Mold
Alembic Building
Medallion of Life Building
Bronze Sword Building
Red Dragon Torso Armor Building
Red Dragon Greaves Armor Building
Red Dragon Cuisses Armor Building
Red Dragon Helm Armor Building
Spear Building
Halberd Building
Dragon Blade Building
Golden Star Mace Building
Frying Pan Building
Night Visor Building
Caltrops Building
Blackpowder Building
Camouflage Cape Building
Rope Building
Snare Building
Nails Building
Poisoned Caltrop Building
Small Landmine Building
Saltpetre Manufacturing
Saving Stone
Hawk Summoning
Falcon Summoning
Potion of Engineering
Barricade Building
Ogres Fighting
Phantom Warriors Fighting
Fluffy Fighting
Yeti Fighting
Giants Fighting
Red Dragons Fighting
Black Dragons Fighting
Red Dragon Summoning
Astrology Stones
A/D Indicator Building
Criticals Indicator Building
Accuracy/Magic Indicator Building
Harvest/Degrade Indicator Building
Make Rare/Fail Indicator Building
Lightmeter
Fabric weaving
Red Dye
Orange Dye
Yellow Dye
Green Dye
Blue Dye
Purple Dye
Black Dye
Fabric Dyeing
Tunic Making
Tunic/Shirt Combo Making
Robe Making
Robe Skirts Making
Baggy Pants Making
Scarves Making
Tricorn Hat Making
Buccaneer Hat Making
Santa Hat Making
Hood Making
Black Dragon Helm
Black Dragon Mail
Black Dragon Cuisses
Black Dragon Greaves
No More Warlock
Medium Landmine
High Explosive Mine
Invasionmeter
Bows and Crossbows
Arrows and bolts technology
PK arrows
Ice arrows
Fire arrows
Magic arrows
PK bolts
Ice bolts
Fire bolts
Magic bolts
Arrows/bolt head mold
Arrow/bolt head
RC Landmine Building
RC Detonator
Mana Drain Ward
Mana Burn Ward
Invisibility Removal Ward
Magic Immunity Removal Ward
Ice Dragon Torso Armor Building
Ice Dragon Greaves Armor Building
Ice Dragon Cuisses Armor Building
Ice Dragon Helm Armor Building
Scythe Building
Potion of Cold Protection
Potion of Heat Protection
Potion of Radiation Protection
Creature food
Mule Glyph
Enhanced items
Enhanced armor
Enhanced weapons
Potion of Speed Hax
Potion of Attack Reduction
Potion of Defense Reduction
Dvarium Smelting
Dvarium Mining
Dvarium Molding
Gatherer Medallion Building
Radioactive Rapier
Medallion of Mana Building
Mage Robes Making
Tunic of the Ninja Making
Generic Manufacturing Experience
Generic Tailoring Experience
Generic Crafting Experience
Generic Potioning Experience
Generic Engineering Experience
Cockatrice Fighting
Arctic Chimeran Fighting
Book writing
Book of skirts
Book of dresses
Book of vests
Book of Enhanced Unicorn Medallion
Book of Enhanced Sun Medallion
Blue Dragon Torso Armor Building
Blue Dragon Greaves Armor Building
Blue Dragon Cuisses Armor Building
Blue Dragon Helm Armor Building
Blue Dragon Shield
Blue Dragon Sword
Boots Making
Wizard Hat Making
Wedding Dress Making
Peasant Dress Making
Doublets Making
Jackets Making
Wedding Skirts Making
Peasant Skirts Making
Ice Dragons Fighting
Blue Dragons Fighting
Bulangiu Fighting
Mare Bulangiu Fighting
Treasure finder
Pear finder
Potion of Action Points
